ERROR - 2026-05-10 19:34:06 --> Error connecting to the database: mysqli_sql_exception: No such file or directory in /home/samuel/Documents/ProjetRegime/system/Database/MySQLi/Connection.php:201
Stack trace:
#0 /home/samuel/Documents/ProjetRegime/system/Database/MySQLi/Connection.php(201): mysqli->real_connect()
#1 /home/samuel/Documents/ProjetRegime/system/Database/BaseConnection.php(555): CodeIgniter\Database\MySQLi\Connection->connect()
#2 /home/samuel/Documents/ProjetRegime/system/Database/BaseConnection.php(795): CodeIgniter\Database\BaseConnection->initialize()
#3 /home/samuel/Documents/ProjetRegime/system/Database/BaseBuilder.php(1649): CodeIgniter\Database\BaseConnection->query()
#4 /home/samuel/Documents/ProjetRegime/system/Model.php(295): CodeIgniter\Database\BaseBuilder->get()
#5 /home/samuel/Documents/ProjetRegime/system/BaseModel.php(714): CodeIgniter\Model->doFirst()
#6 /home/samuel/Documents/ProjetRegime/app/Controllers/AuthController.php(153): CodeIgniter\BaseModel->first()
#7 /home/samuel/Documents/ProjetRegime/system/CodeIgniter.php(951): App\Controllers\AuthController->loginPost()
#8 /home/samuel/Documents/ProjetRegime/system/CodeIgniter.php(497): CodeIgniter\CodeIgniter->runController()
#9 /home/samuel/Documents/ProjetRegime/system/CodeIgniter.php(340): CodeIgniter\CodeIgniter->handleRequest()
#10 /home/samuel/Documents/ProjetRegime/system/Boot.php(417): CodeIgniter\CodeIgniter->run()
#11 /home/samuel/Documents/ProjetRegime/system/Boot.php(68): CodeIgniter\Boot::runCodeIgniter()
#12 /home/samuel/Documents/ProjetRegime/public/index.php(62): CodeIgniter\Boot::bootWeb()
#13 /home/samuel/Documents/ProjetRegime/system/rewrite.php(44): require_once('...')
#14 {main}

Next CodeIgniter\Database\Exceptions\DatabaseException: No such file or directory in /home/samuel/Documents/ProjetRegime/system/Database/MySQLi/Connection.php:231
Stack trace:
#0 /home/samuel/Documents/ProjetRegime/system/Database/BaseConnection.php(555): CodeIgniter\Database\MySQLi\Connection->connect()
#1 /home/samuel/Documents/ProjetRegime/system/Database/BaseConnection.php(795): CodeIgniter\Database\BaseConnection->initialize()
#2 /home/samuel/Documents/ProjetRegime/system/Database/BaseBuilder.php(1649): CodeIgniter\Database\BaseConnection->query()
#3 /home/samuel/Documents/ProjetRegime/system/Model.php(295): CodeIgniter\Database\BaseBuilder->get()
#4 /home/samuel/Documents/ProjetRegime/system/BaseModel.php(714): CodeIgniter\Model->doFirst()
#5 /home/samuel/Documents/ProjetRegime/app/Controllers/AuthController.php(153): CodeIgniter\BaseModel->first()
#6 /home/samuel/Documents/ProjetRegime/system/CodeIgniter.php(951): App\Controllers\AuthController->loginPost()
#7 /home/samuel/Documents/ProjetRegime/system/CodeIgniter.php(497): CodeIgniter\CodeIgniter->runController()
#8 /home/samuel/Documents/ProjetRegime/system/CodeIgniter.php(340): CodeIgniter\CodeIgniter->handleRequest()
#9 /home/samuel/Documents/ProjetRegime/system/Boot.php(417): CodeIgniter\CodeIgniter->run()
#10 /home/samuel/Documents/ProjetRegime/system/Boot.php(68): CodeIgniter\Boot::runCodeIgniter()
#11 /home/samuel/Documents/ProjetRegime/public/index.php(62): CodeIgniter\Boot::bootWeb()
#12 /home/samuel/Documents/ProjetRegime/system/rewrite.php(44): require_once('...')
#13 {main}
CRITICAL - 2026-05-10 19:34:06 --> CodeIgniter\Database\Exceptions\DatabaseException: Unable to connect to the database.
Main connection [MySQLi]: No such file or directory
[Method: POST, Route: login]
in SYSTEMPATH/Database/BaseConnection.php on line 606.
 1 SYSTEMPATH/Database/BaseConnection.php(795): CodeIgniter\Database\BaseConnection->initialize()
 2 SYSTEMPATH/Database/BaseBuilder.php(1649): CodeIgniter\Database\BaseConnection->query()
 3 SYSTEMPATH/Model.php(295): CodeIgniter\Database\BaseBuilder->get()
 4 SYSTEMPATH/BaseModel.php(714): CodeIgniter\Model->doFirst()
 5 APPPATH/Controllers/AuthController.php(153): CodeIgniter\BaseModel->first()
 6 SYSTEMPATH/CodeIgniter.php(951): App\Controllers\AuthController->loginPost()
 7 SYSTEMPATH/CodeIgniter.php(497): CodeIgniter\CodeIgniter->runController()
 8 SYSTEMPATH/CodeIgniter.php(340): CodeIgniter\CodeIgniter->handleRequest()
 9 SYSTEMPATH/Boot.php(417): CodeIgniter\CodeIgniter->run()
10 SYSTEMPATH/Boot.php(68): CodeIgniter\Boot::runCodeIgniter()
11 FCPATH/index.php(62): CodeIgniter\Boot::bootWeb()
12 SYSTEMPATH/rewrite.php(44): require_once('/home/samuel/Documents/ProjetRegime/public/index.php')
ERROR - 2026-05-10 19:38:48 --> Error connecting to the database: mysqli_sql_exception: No such file or directory in /home/samuel/Documents/ProjetRegime/system/Database/MySQLi/Connection.php:201
Stack trace:
#0 /home/samuel/Documents/ProjetRegime/system/Database/MySQLi/Connection.php(201): mysqli->real_connect()
#1 /home/samuel/Documents/ProjetRegime/system/Database/BaseConnection.php(555): CodeIgniter\Database\MySQLi\Connection->connect()
#2 /home/samuel/Documents/ProjetRegime/system/Database/BaseConnection.php(795): CodeIgniter\Database\BaseConnection->initialize()
#3 /home/samuel/Documents/ProjetRegime/system/Database/BaseBuilder.php(1649): CodeIgniter\Database\BaseConnection->query()
#4 /home/samuel/Documents/ProjetRegime/system/Model.php(295): CodeIgniter\Database\BaseBuilder->get()
#5 /home/samuel/Documents/ProjetRegime/system/BaseModel.php(714): CodeIgniter\Model->doFirst()
#6 /home/samuel/Documents/ProjetRegime/app/Controllers/AuthController.php(153): CodeIgniter\BaseModel->first()
#7 /home/samuel/Documents/ProjetRegime/system/CodeIgniter.php(951): App\Controllers\AuthController->loginPost()
#8 /home/samuel/Documents/ProjetRegime/system/CodeIgniter.php(497): CodeIgniter\CodeIgniter->runController()
#9 /home/samuel/Documents/ProjetRegime/system/CodeIgniter.php(340): CodeIgniter\CodeIgniter->handleRequest()
#10 /home/samuel/Documents/ProjetRegime/system/Boot.php(417): CodeIgniter\CodeIgniter->run()
#11 /home/samuel/Documents/ProjetRegime/system/Boot.php(68): CodeIgniter\Boot::runCodeIgniter()
#12 /home/samuel/Documents/ProjetRegime/public/index.php(62): CodeIgniter\Boot::bootWeb()
#13 /home/samuel/Documents/ProjetRegime/system/rewrite.php(44): require_once('...')
#14 {main}

Next CodeIgniter\Database\Exceptions\DatabaseException: No such file or directory in /home/samuel/Documents/ProjetRegime/system/Database/MySQLi/Connection.php:231
Stack trace:
#0 /home/samuel/Documents/ProjetRegime/system/Database/BaseConnection.php(555): CodeIgniter\Database\MySQLi\Connection->connect()
#1 /home/samuel/Documents/ProjetRegime/system/Database/BaseConnection.php(795): CodeIgniter\Database\BaseConnection->initialize()
#2 /home/samuel/Documents/ProjetRegime/system/Database/BaseBuilder.php(1649): CodeIgniter\Database\BaseConnection->query()
#3 /home/samuel/Documents/ProjetRegime/system/Model.php(295): CodeIgniter\Database\BaseBuilder->get()
#4 /home/samuel/Documents/ProjetRegime/system/BaseModel.php(714): CodeIgniter\Model->doFirst()
#5 /home/samuel/Documents/ProjetRegime/app/Controllers/AuthController.php(153): CodeIgniter\BaseModel->first()
#6 /home/samuel/Documents/ProjetRegime/system/CodeIgniter.php(951): App\Controllers\AuthController->loginPost()
#7 /home/samuel/Documents/ProjetRegime/system/CodeIgniter.php(497): CodeIgniter\CodeIgniter->runController()
#8 /home/samuel/Documents/ProjetRegime/system/CodeIgniter.php(340): CodeIgniter\CodeIgniter->handleRequest()
#9 /home/samuel/Documents/ProjetRegime/system/Boot.php(417): CodeIgniter\CodeIgniter->run()
#10 /home/samuel/Documents/ProjetRegime/system/Boot.php(68): CodeIgniter\Boot::runCodeIgniter()
#11 /home/samuel/Documents/ProjetRegime/public/index.php(62): CodeIgniter\Boot::bootWeb()
#12 /home/samuel/Documents/ProjetRegime/system/rewrite.php(44): require_once('...')
#13 {main}
CRITICAL - 2026-05-10 19:38:48 --> CodeIgniter\Database\Exceptions\DatabaseException: Unable to connect to the database.
Main connection [MySQLi]: No such file or directory
[Method: POST, Route: login]
in SYSTEMPATH/Database/BaseConnection.php on line 606.
 1 SYSTEMPATH/Database/BaseConnection.php(795): CodeIgniter\Database\BaseConnection->initialize()
 2 SYSTEMPATH/Database/BaseBuilder.php(1649): CodeIgniter\Database\BaseConnection->query()
 3 SYSTEMPATH/Model.php(295): CodeIgniter\Database\BaseBuilder->get()
 4 SYSTEMPATH/BaseModel.php(714): CodeIgniter\Model->doFirst()
 5 APPPATH/Controllers/AuthController.php(153): CodeIgniter\BaseModel->first()
 6 SYSTEMPATH/CodeIgniter.php(951): App\Controllers\AuthController->loginPost()
 7 SYSTEMPATH/CodeIgniter.php(497): CodeIgniter\CodeIgniter->runController()
 8 SYSTEMPATH/CodeIgniter.php(340): CodeIgniter\CodeIgniter->handleRequest()
 9 SYSTEMPATH/Boot.php(417): CodeIgniter\CodeIgniter->run()
10 SYSTEMPATH/Boot.php(68): CodeIgniter\Boot::runCodeIgniter()
11 FCPATH/index.php(62): CodeIgniter\Boot::bootWeb()
12 SYSTEMPATH/rewrite.php(44): require_once('/home/samuel/Documents/ProjetRegime/public/index.php')
ERROR - 2026-05-10 19:39:12 --> Error connecting to the database: mysqli_sql_exception: No such file or directory in /home/samuel/Documents/ProjetRegime/system/Database/MySQLi/Connection.php:201
Stack trace:
#0 /home/samuel/Documents/ProjetRegime/system/Database/MySQLi/Connection.php(201): mysqli->real_connect()
#1 /home/samuel/Documents/ProjetRegime/system/Database/BaseConnection.php(555): CodeIgniter\Database\MySQLi\Connection->connect()
#2 /home/samuel/Documents/ProjetRegime/system/Database/BaseConnection.php(795): CodeIgniter\Database\BaseConnection->initialize()
#3 /home/samuel/Documents/ProjetRegime/system/Database/BaseBuilder.php(1649): CodeIgniter\Database\BaseConnection->query()
#4 /home/samuel/Documents/ProjetRegime/system/Model.php(295): CodeIgniter\Database\BaseBuilder->get()
#5 /home/samuel/Documents/ProjetRegime/system/BaseModel.php(714): CodeIgniter\Model->doFirst()
#6 /home/samuel/Documents/ProjetRegime/app/Controllers/AuthController.php(153): CodeIgniter\BaseModel->first()
#7 /home/samuel/Documents/ProjetRegime/system/CodeIgniter.php(951): App\Controllers\AuthController->loginPost()
#8 /home/samuel/Documents/ProjetRegime/system/CodeIgniter.php(497): CodeIgniter\CodeIgniter->runController()
#9 /home/samuel/Documents/ProjetRegime/system/CodeIgniter.php(340): CodeIgniter\CodeIgniter->handleRequest()
#10 /home/samuel/Documents/ProjetRegime/system/Boot.php(417): CodeIgniter\CodeIgniter->run()
#11 /home/samuel/Documents/ProjetRegime/system/Boot.php(68): CodeIgniter\Boot::runCodeIgniter()
#12 /home/samuel/Documents/ProjetRegime/public/index.php(62): CodeIgniter\Boot::bootWeb()
#13 /home/samuel/Documents/ProjetRegime/system/rewrite.php(44): require_once('...')
#14 {main}

Next CodeIgniter\Database\Exceptions\DatabaseException: No such file or directory in /home/samuel/Documents/ProjetRegime/system/Database/MySQLi/Connection.php:231
Stack trace:
#0 /home/samuel/Documents/ProjetRegime/system/Database/BaseConnection.php(555): CodeIgniter\Database\MySQLi\Connection->connect()
#1 /home/samuel/Documents/ProjetRegime/system/Database/BaseConnection.php(795): CodeIgniter\Database\BaseConnection->initialize()
#2 /home/samuel/Documents/ProjetRegime/system/Database/BaseBuilder.php(1649): CodeIgniter\Database\BaseConnection->query()
#3 /home/samuel/Documents/ProjetRegime/system/Model.php(295): CodeIgniter\Database\BaseBuilder->get()
#4 /home/samuel/Documents/ProjetRegime/system/BaseModel.php(714): CodeIgniter\Model->doFirst()
#5 /home/samuel/Documents/ProjetRegime/app/Controllers/AuthController.php(153): CodeIgniter\BaseModel->first()
#6 /home/samuel/Documents/ProjetRegime/system/CodeIgniter.php(951): App\Controllers\AuthController->loginPost()
#7 /home/samuel/Documents/ProjetRegime/system/CodeIgniter.php(497): CodeIgniter\CodeIgniter->runController()
#8 /home/samuel/Documents/ProjetRegime/system/CodeIgniter.php(340): CodeIgniter\CodeIgniter->handleRequest()
#9 /home/samuel/Documents/ProjetRegime/system/Boot.php(417): CodeIgniter\CodeIgniter->run()
#10 /home/samuel/Documents/ProjetRegime/system/Boot.php(68): CodeIgniter\Boot::runCodeIgniter()
#11 /home/samuel/Documents/ProjetRegime/public/index.php(62): CodeIgniter\Boot::bootWeb()
#12 /home/samuel/Documents/ProjetRegime/system/rewrite.php(44): require_once('...')
#13 {main}
CRITICAL - 2026-05-10 19:39:12 --> CodeIgniter\Database\Exceptions\DatabaseException: Unable to connect to the database.
Main connection [MySQLi]: No such file or directory
[Method: POST, Route: login]
in SYSTEMPATH/Database/BaseConnection.php on line 606.
 1 SYSTEMPATH/Database/BaseConnection.php(795): CodeIgniter\Database\BaseConnection->initialize()
 2 SYSTEMPATH/Database/BaseBuilder.php(1649): CodeIgniter\Database\BaseConnection->query()
 3 SYSTEMPATH/Model.php(295): CodeIgniter\Database\BaseBuilder->get()
 4 SYSTEMPATH/BaseModel.php(714): CodeIgniter\Model->doFirst()
 5 APPPATH/Controllers/AuthController.php(153): CodeIgniter\BaseModel->first()
 6 SYSTEMPATH/CodeIgniter.php(951): App\Controllers\AuthController->loginPost()
 7 SYSTEMPATH/CodeIgniter.php(497): CodeIgniter\CodeIgniter->runController()
 8 SYSTEMPATH/CodeIgniter.php(340): CodeIgniter\CodeIgniter->handleRequest()
 9 SYSTEMPATH/Boot.php(417): CodeIgniter\CodeIgniter->run()
10 SYSTEMPATH/Boot.php(68): CodeIgniter\Boot::runCodeIgniter()
11 FCPATH/index.php(62): CodeIgniter\Boot::bootWeb()
12 SYSTEMPATH/rewrite.php(44): require_once('/home/samuel/Documents/ProjetRegime/public/index.php')
ERROR - 2026-05-10 19:44:30 --> Error connecting to the database: mysqli_sql_exception: No such file or directory in /home/samuel/Documents/ProjetRegime/system/Database/MySQLi/Connection.php:201
Stack trace:
#0 /home/samuel/Documents/ProjetRegime/system/Database/MySQLi/Connection.php(201): mysqli->real_connect()
#1 /home/samuel/Documents/ProjetRegime/system/Database/BaseConnection.php(555): CodeIgniter\Database\MySQLi\Connection->connect()
#2 /home/samuel/Documents/ProjetRegime/system/Database/BaseConnection.php(795): CodeIgniter\Database\BaseConnection->initialize()
#3 /home/samuel/Documents/ProjetRegime/system/Database/BaseBuilder.php(1649): CodeIgniter\Database\BaseConnection->query()
#4 /home/samuel/Documents/ProjetRegime/system/Model.php(295): CodeIgniter\Database\BaseBuilder->get()
#5 /home/samuel/Documents/ProjetRegime/system/BaseModel.php(714): CodeIgniter\Model->doFirst()
#6 /home/samuel/Documents/ProjetRegime/app/Controllers/AuthController.php(153): CodeIgniter\BaseModel->first()
#7 /home/samuel/Documents/ProjetRegime/system/CodeIgniter.php(951): App\Controllers\AuthController->loginPost()
#8 /home/samuel/Documents/ProjetRegime/system/CodeIgniter.php(497): CodeIgniter\CodeIgniter->runController()
#9 /home/samuel/Documents/ProjetRegime/system/CodeIgniter.php(340): CodeIgniter\CodeIgniter->handleRequest()
#10 /home/samuel/Documents/ProjetRegime/system/Boot.php(417): CodeIgniter\CodeIgniter->run()
#11 /home/samuel/Documents/ProjetRegime/system/Boot.php(68): CodeIgniter\Boot::runCodeIgniter()
#12 /home/samuel/Documents/ProjetRegime/public/index.php(62): CodeIgniter\Boot::bootWeb()
#13 /home/samuel/Documents/ProjetRegime/system/rewrite.php(44): require_once('...')
#14 {main}

Next CodeIgniter\Database\Exceptions\DatabaseException: No such file or directory in /home/samuel/Documents/ProjetRegime/system/Database/MySQLi/Connection.php:231
Stack trace:
#0 /home/samuel/Documents/ProjetRegime/system/Database/BaseConnection.php(555): CodeIgniter\Database\MySQLi\Connection->connect()
#1 /home/samuel/Documents/ProjetRegime/system/Database/BaseConnection.php(795): CodeIgniter\Database\BaseConnection->initialize()
#2 /home/samuel/Documents/ProjetRegime/system/Database/BaseBuilder.php(1649): CodeIgniter\Database\BaseConnection->query()
#3 /home/samuel/Documents/ProjetRegime/system/Model.php(295): CodeIgniter\Database\BaseBuilder->get()
#4 /home/samuel/Documents/ProjetRegime/system/BaseModel.php(714): CodeIgniter\Model->doFirst()
#5 /home/samuel/Documents/ProjetRegime/app/Controllers/AuthController.php(153): CodeIgniter\BaseModel->first()
#6 /home/samuel/Documents/ProjetRegime/system/CodeIgniter.php(951): App\Controllers\AuthController->loginPost()
#7 /home/samuel/Documents/ProjetRegime/system/CodeIgniter.php(497): CodeIgniter\CodeIgniter->runController()
#8 /home/samuel/Documents/ProjetRegime/system/CodeIgniter.php(340): CodeIgniter\CodeIgniter->handleRequest()
#9 /home/samuel/Documents/ProjetRegime/system/Boot.php(417): CodeIgniter\CodeIgniter->run()
#10 /home/samuel/Documents/ProjetRegime/system/Boot.php(68): CodeIgniter\Boot::runCodeIgniter()
#11 /home/samuel/Documents/ProjetRegime/public/index.php(62): CodeIgniter\Boot::bootWeb()
#12 /home/samuel/Documents/ProjetRegime/system/rewrite.php(44): require_once('...')
#13 {main}
CRITICAL - 2026-05-10 19:44:30 --> CodeIgniter\Database\Exceptions\DatabaseException: Unable to connect to the database.
Main connection [MySQLi]: No such file or directory
[Method: POST, Route: login]
in SYSTEMPATH/Database/BaseConnection.php on line 606.
 1 SYSTEMPATH/Database/BaseConnection.php(795): CodeIgniter\Database\BaseConnection->initialize()
 2 SYSTEMPATH/Database/BaseBuilder.php(1649): CodeIgniter\Database\BaseConnection->query()
 3 SYSTEMPATH/Model.php(295): CodeIgniter\Database\BaseBuilder->get()
 4 SYSTEMPATH/BaseModel.php(714): CodeIgniter\Model->doFirst()
 5 APPPATH/Controllers/AuthController.php(153): CodeIgniter\BaseModel->first()
 6 SYSTEMPATH/CodeIgniter.php(951): App\Controllers\AuthController->loginPost()
 7 SYSTEMPATH/CodeIgniter.php(497): CodeIgniter\CodeIgniter->runController()
 8 SYSTEMPATH/CodeIgniter.php(340): CodeIgniter\CodeIgniter->handleRequest()
 9 SYSTEMPATH/Boot.php(417): CodeIgniter\CodeIgniter->run()
10 SYSTEMPATH/Boot.php(68): CodeIgniter\Boot::runCodeIgniter()
11 FCPATH/index.php(62): CodeIgniter\Boot::bootWeb()
12 SYSTEMPATH/rewrite.php(44): require_once('/home/samuel/Documents/ProjetRegime/public/index.php')
CRITICAL - 2026-05-10 19:44:30 --> ErrorException: Declaration of App\Libraries\PlainExceptionHandler::handle(): string must be compatible with CodeIgniter\Debug\ExceptionHandlerInterface::handle(Throwable $exception, CodeIgniter\HTTP\RequestInterface $request, CodeIgniter\HTTP\ResponseInterface $response, int $statusCode, int $exitCode): void
【Previous Exception】
CodeIgniter\Database\Exceptions\DatabaseException
Unable to connect to the database.
Main connection [MySQLi]: No such file or directory
#0 /home/samuel/Documents/ProjetRegime/system/Database/BaseConnection.php(795): CodeIgniter\Database\BaseConnection->initialize()
#1 /home/samuel/Documents/ProjetRegime/system/Database/BaseBuilder.php(1649): CodeIgniter\Database\BaseConnection->query()
#2 /home/samuel/Documents/ProjetRegime/system/Model.php(295): CodeIgniter\Database\BaseBuilder->get()
#3 /home/samuel/Documents/ProjetRegime/system/BaseModel.php(714): CodeIgniter\Model->doFirst()
#4 /home/samuel/Documents/ProjetRegime/app/Controllers/AuthController.php(153): CodeIgniter\BaseModel->first()
#5 /home/samuel/Documents/ProjetRegime/system/CodeIgniter.php(951): App\Controllers\AuthController->loginPost()
#6 /home/samuel/Documents/ProjetRegime/system/CodeIgniter.php(497): CodeIgniter\CodeIgniter->runController()
#7 /home/samuel/Documents/ProjetRegime/system/CodeIgniter.php(340): CodeIgniter\CodeIgniter->handleRequest()
#8 /home/samuel/Documents/ProjetRegime/system/Boot.php(417): CodeIgniter\CodeIgniter->run()
#9 /home/samuel/Documents/ProjetRegime/system/Boot.php(68): CodeIgniter\Boot::runCodeIgniter()
#10 /home/samuel/Documents/ProjetRegime/public/index.php(62): CodeIgniter\Boot::bootWeb()
#11 /home/samuel/Documents/ProjetRegime/system/rewrite.php(44): require_once('...')
#12 {main}
[Method: POST, Route: login]
in APPPATH/Libraries/PlainExceptionHandler.php on line 22.
 1 [internal function]: CodeIgniter\Debug\Exceptions->shutdownHandler()
ERROR - 2026-05-10 19:46:28 --> Error connecting to the database: mysqli_sql_exception: No such file or directory in /home/samuel/Documents/ProjetRegime/system/Database/MySQLi/Connection.php:201
Stack trace:
#0 /home/samuel/Documents/ProjetRegime/system/Database/MySQLi/Connection.php(201): mysqli->real_connect()
#1 /home/samuel/Documents/ProjetRegime/system/Database/BaseConnection.php(555): CodeIgniter\Database\MySQLi\Connection->connect()
#2 /home/samuel/Documents/ProjetRegime/system/Database/BaseConnection.php(795): CodeIgniter\Database\BaseConnection->initialize()
#3 /home/samuel/Documents/ProjetRegime/system/Database/BaseBuilder.php(1649): CodeIgniter\Database\BaseConnection->query()
#4 /home/samuel/Documents/ProjetRegime/system/Model.php(295): CodeIgniter\Database\BaseBuilder->get()
#5 /home/samuel/Documents/ProjetRegime/system/BaseModel.php(714): CodeIgniter\Model->doFirst()
#6 /home/samuel/Documents/ProjetRegime/app/Controllers/AuthController.php(153): CodeIgniter\BaseModel->first()
#7 /home/samuel/Documents/ProjetRegime/system/CodeIgniter.php(951): App\Controllers\AuthController->loginPost()
#8 /home/samuel/Documents/ProjetRegime/system/CodeIgniter.php(497): CodeIgniter\CodeIgniter->runController()
#9 /home/samuel/Documents/ProjetRegime/system/CodeIgniter.php(340): CodeIgniter\CodeIgniter->handleRequest()
#10 /home/samuel/Documents/ProjetRegime/system/Boot.php(417): CodeIgniter\CodeIgniter->run()
#11 /home/samuel/Documents/ProjetRegime/system/Boot.php(68): CodeIgniter\Boot::runCodeIgniter()
#12 /home/samuel/Documents/ProjetRegime/public/index.php(62): CodeIgniter\Boot::bootWeb()
#13 /home/samuel/Documents/ProjetRegime/system/rewrite.php(44): require_once('...')
#14 {main}

Next CodeIgniter\Database\Exceptions\DatabaseException: No such file or directory in /home/samuel/Documents/ProjetRegime/system/Database/MySQLi/Connection.php:231
Stack trace:
#0 /home/samuel/Documents/ProjetRegime/system/Database/BaseConnection.php(555): CodeIgniter\Database\MySQLi\Connection->connect()
#1 /home/samuel/Documents/ProjetRegime/system/Database/BaseConnection.php(795): CodeIgniter\Database\BaseConnection->initialize()
#2 /home/samuel/Documents/ProjetRegime/system/Database/BaseBuilder.php(1649): CodeIgniter\Database\BaseConnection->query()
#3 /home/samuel/Documents/ProjetRegime/system/Model.php(295): CodeIgniter\Database\BaseBuilder->get()
#4 /home/samuel/Documents/ProjetRegime/system/BaseModel.php(714): CodeIgniter\Model->doFirst()
#5 /home/samuel/Documents/ProjetRegime/app/Controllers/AuthController.php(153): CodeIgniter\BaseModel->first()
#6 /home/samuel/Documents/ProjetRegime/system/CodeIgniter.php(951): App\Controllers\AuthController->loginPost()
#7 /home/samuel/Documents/ProjetRegime/system/CodeIgniter.php(497): CodeIgniter\CodeIgniter->runController()
#8 /home/samuel/Documents/ProjetRegime/system/CodeIgniter.php(340): CodeIgniter\CodeIgniter->handleRequest()
#9 /home/samuel/Documents/ProjetRegime/system/Boot.php(417): CodeIgniter\CodeIgniter->run()
#10 /home/samuel/Documents/ProjetRegime/system/Boot.php(68): CodeIgniter\Boot::runCodeIgniter()
#11 /home/samuel/Documents/ProjetRegime/public/index.php(62): CodeIgniter\Boot::bootWeb()
#12 /home/samuel/Documents/ProjetRegime/system/rewrite.php(44): require_once('...')
#13 {main}
CRITICAL - 2026-05-10 19:46:28 --> CodeIgniter\Database\Exceptions\DatabaseException: Unable to connect to the database.
Main connection [MySQLi]: No such file or directory
[Method: POST, Route: login]
in SYSTEMPATH/Database/BaseConnection.php on line 606.
 1 SYSTEMPATH/Database/BaseConnection.php(795): CodeIgniter\Database\BaseConnection->initialize()
 2 SYSTEMPATH/Database/BaseBuilder.php(1649): CodeIgniter\Database\BaseConnection->query()
 3 SYSTEMPATH/Model.php(295): CodeIgniter\Database\BaseBuilder->get()
 4 SYSTEMPATH/BaseModel.php(714): CodeIgniter\Model->doFirst()
 5 APPPATH/Controllers/AuthController.php(153): CodeIgniter\BaseModel->first()
 6 SYSTEMPATH/CodeIgniter.php(951): App\Controllers\AuthController->loginPost()
 7 SYSTEMPATH/CodeIgniter.php(497): CodeIgniter\CodeIgniter->runController()
 8 SYSTEMPATH/CodeIgniter.php(340): CodeIgniter\CodeIgniter->handleRequest()
 9 SYSTEMPATH/Boot.php(417): CodeIgniter\CodeIgniter->run()
10 SYSTEMPATH/Boot.php(68): CodeIgniter\Boot::runCodeIgniter()
11 FCPATH/index.php(62): CodeIgniter\Boot::bootWeb()
12 SYSTEMPATH/rewrite.php(44): require_once('/home/samuel/Documents/ProjetRegime/public/index.php')
ERROR - 2026-05-10 19:49:20 --> Error connecting to the database: mysqli_sql_exception: No such file or directory in /home/samuel/Documents/ProjetRegime/system/Database/MySQLi/Connection.php:201
Stack trace:
#0 /home/samuel/Documents/ProjetRegime/system/Database/MySQLi/Connection.php(201): mysqli->real_connect()
#1 /home/samuel/Documents/ProjetRegime/system/Database/BaseConnection.php(555): CodeIgniter\Database\MySQLi\Connection->connect()
#2 /home/samuel/Documents/ProjetRegime/system/Database/BaseConnection.php(795): CodeIgniter\Database\BaseConnection->initialize()
#3 /home/samuel/Documents/ProjetRegime/system/Database/BaseBuilder.php(1649): CodeIgniter\Database\BaseConnection->query()
#4 /home/samuel/Documents/ProjetRegime/system/Model.php(295): CodeIgniter\Database\BaseBuilder->get()
#5 /home/samuel/Documents/ProjetRegime/system/BaseModel.php(714): CodeIgniter\Model->doFirst()
#6 /home/samuel/Documents/ProjetRegime/app/Controllers/AuthController.php(153): CodeIgniter\BaseModel->first()
#7 /home/samuel/Documents/ProjetRegime/system/CodeIgniter.php(951): App\Controllers\AuthController->loginPost()
#8 /home/samuel/Documents/ProjetRegime/system/CodeIgniter.php(497): CodeIgniter\CodeIgniter->runController()
#9 /home/samuel/Documents/ProjetRegime/system/CodeIgniter.php(340): CodeIgniter\CodeIgniter->handleRequest()
#10 /home/samuel/Documents/ProjetRegime/system/Boot.php(417): CodeIgniter\CodeIgniter->run()
#11 /home/samuel/Documents/ProjetRegime/system/Boot.php(68): CodeIgniter\Boot::runCodeIgniter()
#12 /home/samuel/Documents/ProjetRegime/public/index.php(62): CodeIgniter\Boot::bootWeb()
#13 /home/samuel/Documents/ProjetRegime/system/rewrite.php(44): require_once('...')
#14 {main}

Next CodeIgniter\Database\Exceptions\DatabaseException: No such file or directory in /home/samuel/Documents/ProjetRegime/system/Database/MySQLi/Connection.php:231
Stack trace:
#0 /home/samuel/Documents/ProjetRegime/system/Database/BaseConnection.php(555): CodeIgniter\Database\MySQLi\Connection->connect()
#1 /home/samuel/Documents/ProjetRegime/system/Database/BaseConnection.php(795): CodeIgniter\Database\BaseConnection->initialize()
#2 /home/samuel/Documents/ProjetRegime/system/Database/BaseBuilder.php(1649): CodeIgniter\Database\BaseConnection->query()
#3 /home/samuel/Documents/ProjetRegime/system/Model.php(295): CodeIgniter\Database\BaseBuilder->get()
#4 /home/samuel/Documents/ProjetRegime/system/BaseModel.php(714): CodeIgniter\Model->doFirst()
#5 /home/samuel/Documents/ProjetRegime/app/Controllers/AuthController.php(153): CodeIgniter\BaseModel->first()
#6 /home/samuel/Documents/ProjetRegime/system/CodeIgniter.php(951): App\Controllers\AuthController->loginPost()
#7 /home/samuel/Documents/ProjetRegime/system/CodeIgniter.php(497): CodeIgniter\CodeIgniter->runController()
#8 /home/samuel/Documents/ProjetRegime/system/CodeIgniter.php(340): CodeIgniter\CodeIgniter->handleRequest()
#9 /home/samuel/Documents/ProjetRegime/system/Boot.php(417): CodeIgniter\CodeIgniter->run()
#10 /home/samuel/Documents/ProjetRegime/system/Boot.php(68): CodeIgniter\Boot::runCodeIgniter()
#11 /home/samuel/Documents/ProjetRegime/public/index.php(62): CodeIgniter\Boot::bootWeb()
#12 /home/samuel/Documents/ProjetRegime/system/rewrite.php(44): require_once('...')
#13 {main}
CRITICAL - 2026-05-10 19:49:20 --> CodeIgniter\Database\Exceptions\DatabaseException: Unable to connect to the database.
Main connection [MySQLi]: No such file or directory
[Method: POST, Route: login]
in SYSTEMPATH/Database/BaseConnection.php on line 606.
 1 SYSTEMPATH/Database/BaseConnection.php(795): CodeIgniter\Database\BaseConnection->initialize()
 2 SYSTEMPATH/Database/BaseBuilder.php(1649): CodeIgniter\Database\BaseConnection->query()
 3 SYSTEMPATH/Model.php(295): CodeIgniter\Database\BaseBuilder->get()
 4 SYSTEMPATH/BaseModel.php(714): CodeIgniter\Model->doFirst()
 5 APPPATH/Controllers/AuthController.php(153): CodeIgniter\BaseModel->first()
 6 SYSTEMPATH/CodeIgniter.php(951): App\Controllers\AuthController->loginPost()
 7 SYSTEMPATH/CodeIgniter.php(497): CodeIgniter\CodeIgniter->runController()
 8 SYSTEMPATH/CodeIgniter.php(340): CodeIgniter\CodeIgniter->handleRequest()
 9 SYSTEMPATH/Boot.php(417): CodeIgniter\CodeIgniter->run()
10 SYSTEMPATH/Boot.php(68): CodeIgniter\Boot::runCodeIgniter()
11 FCPATH/index.php(62): CodeIgniter\Boot::bootWeb()
12 SYSTEMPATH/rewrite.php(44): require_once('/home/samuel/Documents/ProjetRegime/public/index.php')
ERROR - 2026-05-10 19:49:26 --> Error connecting to the database: mysqli_sql_exception: No such file or directory in /home/samuel/Documents/ProjetRegime/system/Database/MySQLi/Connection.php:201
Stack trace:
#0 /home/samuel/Documents/ProjetRegime/system/Database/MySQLi/Connection.php(201): mysqli->real_connect()
#1 /home/samuel/Documents/ProjetRegime/system/Database/BaseConnection.php(555): CodeIgniter\Database\MySQLi\Connection->connect()
#2 /home/samuel/Documents/ProjetRegime/system/Database/BaseConnection.php(795): CodeIgniter\Database\BaseConnection->initialize()
#3 /home/samuel/Documents/ProjetRegime/system/Database/BaseBuilder.php(1649): CodeIgniter\Database\BaseConnection->query()
#4 /home/samuel/Documents/ProjetRegime/system/Model.php(295): CodeIgniter\Database\BaseBuilder->get()
#5 /home/samuel/Documents/ProjetRegime/system/BaseModel.php(714): CodeIgniter\Model->doFirst()
#6 /home/samuel/Documents/ProjetRegime/app/Controllers/AuthController.php(153): CodeIgniter\BaseModel->first()
#7 /home/samuel/Documents/ProjetRegime/system/CodeIgniter.php(951): App\Controllers\AuthController->loginPost()
#8 /home/samuel/Documents/ProjetRegime/system/CodeIgniter.php(497): CodeIgniter\CodeIgniter->runController()
#9 /home/samuel/Documents/ProjetRegime/system/CodeIgniter.php(340): CodeIgniter\CodeIgniter->handleRequest()
#10 /home/samuel/Documents/ProjetRegime/system/Boot.php(417): CodeIgniter\CodeIgniter->run()
#11 /home/samuel/Documents/ProjetRegime/system/Boot.php(68): CodeIgniter\Boot::runCodeIgniter()
#12 /home/samuel/Documents/ProjetRegime/public/index.php(62): CodeIgniter\Boot::bootWeb()
#13 /home/samuel/Documents/ProjetRegime/system/rewrite.php(44): require_once('...')
#14 {main}

Next CodeIgniter\Database\Exceptions\DatabaseException: No such file or directory in /home/samuel/Documents/ProjetRegime/system/Database/MySQLi/Connection.php:231
Stack trace:
#0 /home/samuel/Documents/ProjetRegime/system/Database/BaseConnection.php(555): CodeIgniter\Database\MySQLi\Connection->connect()
#1 /home/samuel/Documents/ProjetRegime/system/Database/BaseConnection.php(795): CodeIgniter\Database\BaseConnection->initialize()
#2 /home/samuel/Documents/ProjetRegime/system/Database/BaseBuilder.php(1649): CodeIgniter\Database\BaseConnection->query()
#3 /home/samuel/Documents/ProjetRegime/system/Model.php(295): CodeIgniter\Database\BaseBuilder->get()
#4 /home/samuel/Documents/ProjetRegime/system/BaseModel.php(714): CodeIgniter\Model->doFirst()
#5 /home/samuel/Documents/ProjetRegime/app/Controllers/AuthController.php(153): CodeIgniter\BaseModel->first()
#6 /home/samuel/Documents/ProjetRegime/system/CodeIgniter.php(951): App\Controllers\AuthController->loginPost()
#7 /home/samuel/Documents/ProjetRegime/system/CodeIgniter.php(497): CodeIgniter\CodeIgniter->runController()
#8 /home/samuel/Documents/ProjetRegime/system/CodeIgniter.php(340): CodeIgniter\CodeIgniter->handleRequest()
#9 /home/samuel/Documents/ProjetRegime/system/Boot.php(417): CodeIgniter\CodeIgniter->run()
#10 /home/samuel/Documents/ProjetRegime/system/Boot.php(68): CodeIgniter\Boot::runCodeIgniter()
#11 /home/samuel/Documents/ProjetRegime/public/index.php(62): CodeIgniter\Boot::bootWeb()
#12 /home/samuel/Documents/ProjetRegime/system/rewrite.php(44): require_once('...')
#13 {main}
CRITICAL - 2026-05-10 19:49:26 --> CodeIgniter\Database\Exceptions\DatabaseException: Unable to connect to the database.
Main connection [MySQLi]: No such file or directory
[Method: POST, Route: login]
in SYSTEMPATH/Database/BaseConnection.php on line 606.
 1 SYSTEMPATH/Database/BaseConnection.php(795): CodeIgniter\Database\BaseConnection->initialize()
 2 SYSTEMPATH/Database/BaseBuilder.php(1649): CodeIgniter\Database\BaseConnection->query()
 3 SYSTEMPATH/Model.php(295): CodeIgniter\Database\BaseBuilder->get()
 4 SYSTEMPATH/BaseModel.php(714): CodeIgniter\Model->doFirst()
 5 APPPATH/Controllers/AuthController.php(153): CodeIgniter\BaseModel->first()
 6 SYSTEMPATH/CodeIgniter.php(951): App\Controllers\AuthController->loginPost()
 7 SYSTEMPATH/CodeIgniter.php(497): CodeIgniter\CodeIgniter->runController()
 8 SYSTEMPATH/CodeIgniter.php(340): CodeIgniter\CodeIgniter->handleRequest()
 9 SYSTEMPATH/Boot.php(417): CodeIgniter\CodeIgniter->run()
10 SYSTEMPATH/Boot.php(68): CodeIgniter\Boot::runCodeIgniter()
11 FCPATH/index.php(62): CodeIgniter\Boot::bootWeb()
12 SYSTEMPATH/rewrite.php(44): require_once('/home/samuel/Documents/ProjetRegime/public/index.php')
